1 10 10 perf-test-10k.hdf m0 NBBOPrice
2 10 10 perf-test-100k.hdf.hdf m0 NBBOPrice
3 10 10 perf-test-500k.hdf m0 NBBOPrice
4 10 10 perf-test-1m.hdf m0 NBBOPrice
5 10 10 perf-test-10k.hdf m6 NBBOPrice
6 10 10 perf-test-100k.hdf.hdf m6 NBBOPrice
7 10 10 perf-test-500k.hdf m6 NBBOPrice
8 10 10 perf-test-1m.hdf m6 NBBOPrice
9 10 4 perf-test-10k.hdf m0 NBBOPrice
10 10 4 perf-test-100k.hdf.hdf m0 NBBOPrice
11 10 4 perf-test-500k.hdf m0 NBBOPrice
12 10 4 perf-test-1m.hdf m0 NBBOPrice
13 10 4 perf-test-10k.hdf m6 NBBOPrice
14 10 4 perf-test-100k.hdf.hdf m6 NBBOPrice
15 10 4 perf-test-500k.hdf m6 NBBOPrice
16 10 4 perf-test-1m.hdf m6 NBBOPrice
17 10 10 perf-test-10k.hdf m0 VWAP
18 10 10 perf-test-100k.hdf.hdf m0 VWAP
19 10 10 perf-test-500k.hdf m0 VWAP
20 10 10 perf-test-1m.hdf m0 VWAP
21 10 10 perf-test-10k.hdf m6 VWAP
22 10 10 perf-test-100k.hdf.hdf m6 VWAP
23 10 10 perf-test-500k.hdf m6 VWAP
24 10 10 perf-test-1m.hdf m6 VWAP
25 10 4 perf-test-10k.hdf m0 VWAP
26 10 4 perf-test-100k.hdf.hdf m0 VWAP
27 10 4 perf-test-500k.hdf m0 VWAP
28 10 4 perf-test-1m.hdf m0 VWAP
29 10 4 perf-test-10k.hdf m6 VWAP
30 10 4 perf-test-100k.hdf.hdf m6 VWAP
31 10 4 perf-test-500k.hdf m6 VWAP
32 10 4 perf-test-1m.hdf m6 VWAP
33 10 10 perf-test-10k.hdf m0 NBBOPrice,VWAP
34 10 10 perf-test-100k.hdf.hdf m0 NBBOPrice,VWAP
35 10 10 perf-test-500k.hdf m0 NBBOPrice,VWAP
36 10 10 perf-test-1m.hdf m0 NBBOPrice,VWAP
37 10 10 perf-test-10k.hdf m6 NBBOPrice,VWAP
38 10 10 perf-test-100k.hdf.hdf m6 NBBOPrice,VWAP
39 10 10 perf-test-500k.hdf m6 NBBOPrice,VWAP
40 10 10 perf-test-1m.hdf m6 NBBOPrice,VWAP
41 10 4 perf-test-10k.hdf m0 NBBOPrice,VWAP
42 10 4 perf-test-100k.hdf.hdf m0 NBBOPrice,VWAP
43 10 4 perf-test-500k.hdf m0 NBBOPrice,VWAP
44 10 4 perf-test-1m.hdf m0 NBBOPrice,VWAP
45 10 4 perf-test-10k.hdf m6 NBBOPrice,VWAP
46 10 4 perf-test-100k.hdf.hdf m6 NBBOPrice,VWAP
47 10 4 perf-test-500k.hdf m6 NBBOPrice,VWAP
48 10 4 perf-test-1m.hdf m6 NBBOPrice,VWAP
49 10 10 perf-test-2m.hdf m0 NBBOPrice
50 10 10 perf-test-2m.hdf m6 NBBOPrice
51 10 4 perf-test-2m.hdf m0 NBBOPrice
52 10 4 perf-test-2m.hdf m6 NBBOPrice
53 10 10 perf-test-2m.hdf m0 VWAP
54 10 10 perf-test-2m.hdf m6 VWAP
55 10 4 perf-test-2m.hdf m0 VWAP
56 10 4 perf-test-2m.hdf m6 VWAP
57 10 10 perf-test-2m.hdf m0 NBBOPrice,VWAP
58 10 10 perf-test-2m.hdf m6 NBBOPrice,VWAP
59 10 4 perf-test-2m.hdf m0 NBBOPrice,VWAP
60 10 4 perf-test-2m.hdf m6 NBBOPrice,VWAP
